error[E0277]: the trait bound `users::table: JoinTo<posts::table>` is not satisfied
  --> tests/fail/cannot_join_to_non_joinable_table.rs:30:26
   |
30 |     let _ = users::table.inner_join(posts::table);
   |                          ^^^^^^^^^^ the trait `JoinTo<posts::table>` is not implemented for `users::table`
   |
   = help: the following implementations were found:
             <users::table as JoinTo<Alias<S>>>
             <users::table as JoinTo<BoxedSelectStatement<'a, FromClause<QS>, ST, DB>>>
             <users::table as JoinTo<JoinOn<Join, On>>>
             <users::table as JoinTo<Only<S>>>
           and 2 others
   = note: required because of the requirements on the impl of `JoinWithImplicitOnClause<posts::table, Inner>` for `users::table`

error[E0277]: the trait bound `users::table: JoinTo<posts::table>` is not satisfied
  --> tests/fail/cannot_join_to_non_joinable_table.rs:31:26
   |
31 |     let _ = users::table.left_outer_join(posts::table);
   |                          ^^^^^^^^^^^^^^^ the trait `JoinTo<posts::table>` is not implemented for `users::table`
   |
   = help: the following implementations were found:
             <users::table as JoinTo<Alias<S>>>
             <users::table as JoinTo<BoxedSelectStatement<'a, FromClause<QS>, ST, DB>>>
             <users::table as JoinTo<JoinOn<Join, On>>>
             <users::table as JoinTo<Only<S>>>
           and 2 others
   = note: required because of the requirements on the impl of `JoinWithImplicitOnClause<posts::table, LeftOuter>` for `users::table`

error[E0277]: the trait bound `posts::table: JoinTo<users::table>` is not satisfied
  --> tests/fail/cannot_join_to_non_joinable_table.rs:36:37
   |
36 |     let _ = users::table.inner_join(join);
   |                                     ^^^^ the trait `JoinTo<users::table>` is not implemented for `posts::table`
   |
   = help: the following implementations were found:
             <posts::table as JoinTo<Alias<S>>>
             <posts::table as JoinTo<BoxedSelectStatement<'a, FromClause<QS>, ST, DB>>>
             <posts::table as JoinTo<JoinOn<Join, On>>>
             <posts::table as JoinTo<Only<S>>>
           and 3 others
   = note: required because of the requirements on the impl of `JoinTo<users::table>` for `diesel::internal::table_macro::Join<posts::table, comments::table, Inner>`
   = note: required because of the requirements on the impl of `JoinWithImplicitOnClause<SelectStatement<FromClause<JoinOn<diesel::internal::table_macro::Join<posts::table, comments::table, Inner>, diesel::expression::grouped::Grouped<diesel::expression::operators::Eq<NullableExpression<comments::columns::post_id>, NullableExpression<posts::columns::id>>>>>>, Inner>` for `users::table`
