error[E0277]: the trait bound `posts::columns::id: SelectableExpression<users::table>` is not satisfied
  --> tests/fail/distinct_on_allows_only_fields_of_table.rs:23:30
   |
23 |     users::table.distinct_on(posts::id).get_results(&mut connection);
   |                              ^^^^^^^^^ the trait `SelectableExpression<users::table>` is not implemented for `posts::columns::id`
   |
   = help: the following implementations were found:
             <posts::columns::id as SelectableExpression<JoinOn<Join, On>>>
             <posts::columns::id as SelectableExpression<Only<posts::table>>>
             <posts::columns::id as SelectableExpression<SelectStatement<FromClause<From>>>>
             <posts::columns::id as SelectableExpression<diesel::internal::table_macro::Join<Left, Right, Inner>>>
           and 2 others
   = note: required because of the requirements on the impl of `DistinctOnDsl<posts::columns::id>` for `users::table`

error[E0277]: the trait bound `(diesel::sql_types::Text, diesel::sql_types::Text): SingleValue` is not satisfied
  --> tests/fail/distinct_on_allows_only_fields_of_table.rs:25:18
   |
25 |     posts::table.distinct_on((posts::name, users::name)).get_result(&mut connection);
   |                  ^^^^^^^^^^^ the trait `SingleValue` is not implemented for `(diesel::sql_types::Text, diesel::sql_types::Text)`
   |
   = note: required because of the requirements on the impl of `DistinctOnDsl<(posts::columns::name, users::columns::name)>` for `posts::table`

error[E0277]: the trait bound `users::columns::name: SelectableExpression<posts::table>` is not satisfied
  --> tests/fail/distinct_on_allows_only_fields_of_table.rs:25:30
   |
25 |     posts::table.distinct_on((posts::name, users::name)).get_result(&mut connection);
   |                              ^^^^^^^^^^^^^^^^^^^^^^^^^^ the trait `SelectableExpression<posts::table>` is not implemented for `users::columns::name`
   |
   = help: the following implementations were found:
             <users::columns::name as SelectableExpression<JoinOn<Join, On>>>
             <users::columns::name as SelectableExpression<Only<users::table>>>
             <users::columns::name as SelectableExpression<SelectStatement<FromClause<From>>>>
             <users::columns::name as SelectableExpression<diesel::internal::table_macro::Join<Left, Right, Inner>>>
           and 2 others
   = note: required because of the requirements on the impl of `SelectableExpression<posts::table>` for `(posts::columns::name, users::columns::name)`
   = note: required because of the requirements on the impl of `DistinctOnDsl<(posts::columns::name, users::columns::name)>` for `posts::table`

error[E0271]: type mismatch resolving `<posts::table as AppearsInFromClause<users::table>>::Count == diesel::query_source::Once`
  --> tests/fail/distinct_on_allows_only_fields_of_table.rs:25:18
   |
25 |     posts::table.distinct_on((posts::name, users::name)).get_result(&mut connection);
   |                  ^^^^^^^^^^^ expected struct `diesel::query_source::Never`, found struct `diesel::query_source::Once`
   |
   = note: required because of the requirements on the impl of `AppearsOnTable<posts::table>` for `users::columns::name`
   = note: 1 redundant requirements hidden
   = note: required because of the requirements on the impl of `AppearsOnTable<posts::table>` for `(posts::columns::name, users::columns::name)`
   = note: required because of the requirements on the impl of `SelectableExpression<posts::table>` for `(posts::columns::name, users::columns::name)`
   = note: required because of the requirements on the impl of `DistinctOnDsl<(posts::columns::name, users::columns::name)>` for `posts::table`

error[E0277]: the trait bound `posts::table: TableNotEqual<users::table>` is not satisfied
  --> tests/fail/distinct_on_allows_only_fields_of_table.rs:25:18
   |
25 |     posts::table.distinct_on((posts::name, users::name)).get_result(&mut connection);
   |                  ^^^^^^^^^^^ the trait `TableNotEqual<users::table>` is not implemented for `posts::table`
   |
   = note: required because of the requirements on the impl of `AppearsInFromClause<users::table>` for `posts::table`
   = note: required because of the requirements on the impl of `AppearsOnTable<posts::table>` for `users::columns::name`
   = note: 1 redundant requirements hidden
   = note: required because of the requirements on the impl of `AppearsOnTable<posts::table>` for `(posts::columns::name, users::columns::name)`
   = note: required because of the requirements on the impl of `SelectableExpression<posts::table>` for `(posts::columns::name, users::columns::name)`
   = note: required because of the requirements on the impl of `DistinctOnDsl<(posts::columns::name, users::columns::name)>` for `posts::table`
