error[E0271]: type mismatch resolving `<diesel::SqliteConnection as diesel::Connection>::Backend == Pg`
  --> tests/fail/pg_specific_binary_expressions_only_usable_with_pg.rs:21:10
   |
21 |         .get_result::<Vec<u8>>(&mut connection).unwrap();
   |          ^^^^^^^^^^ expected struct `Sqlite`, found struct `Pg`
   |
   = note: required because of the requirements on the impl of `LoadQuery<'_, diesel::SqliteConnection, Vec<u8>>` for `SelectStatement<FromClause<users::table>, diesel::query_builder::select_clause::SelectClause<diesel::expression::grouped::Grouped<diesel::pg::expression::operators::ConcatBinary<columns::name, diesel::internal::derives::as_expression::Bound<diesel::sql_types::Binary, Vec<u8>>>>>, diesel::query_builder::distinct_clause::NoDistinctClause, diesel::query_builder::where_clause::WhereClause<diesel::expression::grouped::Grouped<diesel::expression::operators::And<diesel::expression::grouped::Grouped<diesel::pg::expression::operators::LikeBinary<columns::name, diesel::internal::derives::as_expression::Bound<diesel::sql_types::Binary, Vec<u8>>>>, diesel::expression::grouped::Grouped<diesel::pg::expression::operators::NotLikeBinary<columns::name, diesel::internal::derives::as_expression::Bound<diesel::sql_types::Binary, Vec<u8>>>>>>>>`

error[E0271]: type mismatch resolving `<diesel::MysqlConnection as diesel::Connection>::Backend == Pg`
  --> tests/fail/pg_specific_binary_expressions_only_usable_with_pg.rs:29:10
   |
29 |         .get_result::<Vec<u8>>(&mut connection).unwrap();
   |          ^^^^^^^^^^ expected struct `Mysql`, found struct `Pg`
   |
   = note: required because of the requirements on the impl of `LoadQuery<'_, diesel::MysqlConnection, Vec<u8>>` for `SelectStatement<FromClause<users::table>, diesel::query_builder::select_clause::SelectClause<diesel::expression::grouped::Grouped<diesel::pg::expression::operators::ConcatBinary<columns::name, diesel::internal::derives::as_expression::Bound<diesel::sql_types::Binary, Vec<u8>>>>>, diesel::query_builder::distinct_clause::NoDistinctClause, diesel::query_builder::where_clause::WhereClause<diesel::expression::grouped::Grouped<diesel::expression::operators::And<diesel::expression::grouped::Grouped<diesel::pg::expression::operators::LikeBinary<columns::name, diesel::internal::derives::as_expression::Bound<diesel::sql_types::Binary, Vec<u8>>>>, diesel::expression::grouped::Grouped<diesel::pg::expression::operators::NotLikeBinary<columns::name, diesel::internal::derives::as_expression::Bound<diesel::sql_types::Binary, Vec<u8>>>>>>>>`
