error[E0271]: type mismatch resolving `<diesel::query_builder::SelectStatement<users::table, diesel::query_builder::select_clause::DefaultSelectClause, diesel::query_builder::distinct_clause::NoDistinctClause, diesel::query_builder::where_clause::NoWhereClause, diesel::query_builder::order_clause::NoOrderClause, diesel::query_builder::LimitOffsetClause<diesel::query_builder::NoLimitClause, diesel::query_builder::NoOffsetClause>, diesel::query_builder::group_by_clause::NoGroupByClause, diesel::query_builder::locking_clause::LockingClause> as diesel::query_builder::AsQuery>::Query == diesel::query_builder::SelectStatement<diesel::query_builder::SelectStatement<users::table, diesel::query_builder::select_clause::DefaultSelectClause, diesel::query_builder::distinct_clause::NoDistinctClause, diesel::query_builder::where_clause::NoWhereClause, diesel::query_builder::order_clause::NoOrderClause, diesel::query_builder::LimitOffsetClause<diesel::query_builder::NoLimitClause, diesel::query_builder::NoOffsetClause>, diesel::query_builder::group_by_clause::NoGroupByClause, diesel::query_builder::locking_clause::LockingClause>>`
  --> $DIR/select_for_update_cannot_be_mixed_with_some_clauses.rs:14:24
   |
14 |     users.for_update().distinct();
   |                        ^^^^^^^^ expected struct `users::table`, found struct `diesel::query_builder::SelectStatement`
   |
   = note: expected type `diesel::query_builder::SelectStatement<users::table, _>`
            found struct `diesel::query_builder::SelectStatement<diesel::query_builder::SelectStatement<users::table, diesel::query_builder::select_clause::DefaultSelectClause, diesel::query_builder::distinct_clause::NoDistinctClause, diesel::query_builder::where_clause::NoWhereClause, diesel::query_builder::order_clause::NoOrderClause, diesel::query_builder::LimitOffsetClause<diesel::query_builder::NoLimitClause, diesel::query_builder::NoOffsetClause>, diesel::query_builder::group_by_clause::NoGroupByClause, diesel::query_builder::locking_clause::LockingClause>, _>`
   = note: required because of the requirements on the impl of `diesel::query_dsl::methods::DistinctDsl` for `diesel::query_builder::SelectStatement<users::table, diesel::query_builder::select_clause::DefaultSelectClause, diesel::query_builder::distinct_clause::NoDistinctClause, diesel::query_builder::where_clause::NoWhereClause, diesel::query_builder::order_clause::NoOrderClause, diesel::query_builder::LimitOffsetClause<diesel::query_builder::NoLimitClause, diesel::query_builder::NoOffsetClause>, diesel::query_builder::group_by_clause::NoGroupByClause, diesel::query_builder::locking_clause::LockingClause>`

error[E0277]: the trait bound `diesel::query_builder::SelectStatement<users::table, diesel::query_builder::select_clause::DefaultSelectClause, diesel::query_builder::distinct_clause::NoDistinctClause, diesel::query_builder::where_clause::NoWhereClause, diesel::query_builder::order_clause::NoOrderClause, diesel::query_builder::LimitOffsetClause<diesel::query_builder::NoLimitClause, diesel::query_builder::NoOffsetClause>, diesel::query_builder::group_by_clause::NoGroupByClause, diesel::query_builder::locking_clause::LockingClause>: diesel::Table` is not satisfied
  --> $DIR/select_for_update_cannot_be_mixed_with_some_clauses.rs:14:24
   |
14 |     users.for_update().distinct();
   |                        ^^^^^^^^ the trait `diesel::Table` is not implemented for `diesel::query_builder::SelectStatement<users::table, diesel::query_builder::select_clause::DefaultSelectClause, diesel::query_builder::distinct_clause::NoDistinctClause, diesel::query_builder::where_clause::NoWhereClause, diesel::query_builder::order_clause::NoOrderClause, diesel::query_builder::LimitOffsetClause<diesel::query_builder::NoLimitClause, diesel::query_builder::NoOffsetClause>, diesel::query_builder::group_by_clause::NoGroupByClause, diesel::query_builder::locking_clause::LockingClause>`
   |
   = note: required because of the requirements on the impl of `diesel::query_dsl::methods::DistinctDsl` for `diesel::query_builder::SelectStatement<users::table, diesel::query_builder::select_clause::DefaultSelectClause, diesel::query_builder::distinct_clause::NoDistinctClause, diesel::query_builder::where_clause::NoWhereClause, diesel::query_builder::order_clause::NoOrderClause, diesel::query_builder::LimitOffsetClause<diesel::query_builder::NoLimitClause, diesel::query_builder::NoOffsetClause>, diesel::query_builder::group_by_clause::NoGroupByClause, diesel::query_builder::locking_clause::LockingClause>`

error[E0277]: the trait bound `diesel::query_builder::SelectStatement<diesel::query_builder::SelectStatement<users::table, diesel::query_builder::select_clause::DefaultSelectClause, diesel::query_builder::distinct_clause::NoDistinctClause, diesel::query_builder::where_clause::NoWhereClause, diesel::query_builder::order_clause::NoOrderClause, diesel::query_builder::LimitOffsetClause<diesel::query_builder::NoLimitClause, diesel::query_builder::NoOffsetClause>, diesel::query_builder::group_by_clause::NoGroupByClause, diesel::query_builder::locking_clause::LockingClause>>: diesel::query_dsl::methods::DistinctDsl` is not satisfied
  --> $DIR/select_for_update_cannot_be_mixed_with_some_clauses.rs:14:24
   |
14 |     users.for_update().distinct();
   |                        ^^^^^^^^ the trait `diesel::query_dsl::methods::DistinctDsl` is not implemented for `diesel::query_builder::SelectStatement<diesel::query_builder::SelectStatement<users::table, diesel::query_builder::select_clause::DefaultSelectClause, diesel::query_builder::distinct_clause::NoDistinctClause, diesel::query_builder::where_clause::NoWhereClause, diesel::query_builder::order_clause::NoOrderClause, diesel::query_builder::LimitOffsetClause<diesel::query_builder::NoLimitClause, diesel::query_builder::NoOffsetClause>, diesel::query_builder::group_by_clause::NoGroupByClause, diesel::query_builder::locking_clause::LockingClause>>`
   |
   = help: the following implementations were found:
             <diesel::query_builder::SelectStatement<F, S, D, W, O, LOf, G> as diesel::query_dsl::methods::DistinctDsl>

error[E0271]: type mismatch resolving `<diesel::query_builder::SelectStatement<users::table, diesel::query_builder::select_clause::DefaultSelectClause, diesel::query_builder::distinct_clause::DistinctClause> as diesel::query_builder::AsQuery>::Query == diesel::query_builder::SelectStatement<diesel::query_builder::SelectStatement<users::table, diesel::query_builder::select_clause::DefaultSelectClause, diesel::query_builder::distinct_clause::DistinctClause>>`
  --> $DIR/select_for_update_cannot_be_mixed_with_some_clauses.rs:15:22
   |
15 |     users.distinct().for_update();
   |                      ^^^^^^^^^^ expected struct `users::table`, found struct `diesel::query_builder::SelectStatement`
   |
   = note: expected type `diesel::query_builder::SelectStatement<users::table, _>`
            found struct `diesel::query_builder::SelectStatement<diesel::query_builder::SelectStatement<users::table, diesel::query_builder::select_clause::DefaultSelectClause, diesel::query_builder::distinct_clause::DistinctClause>, _>`
   = note: required because of the requirements on the impl of `diesel::query_dsl::methods::LockingDsl<diesel::query_builder::locking_clause::ForUpdate>` for `diesel::query_builder::SelectStatement<users::table, diesel::query_builder::select_clause::DefaultSelectClause, diesel::query_builder::distinct_clause::DistinctClause>`

error[E0277]: the trait bound `diesel::query_builder::SelectStatement<users::table, diesel::query_builder::select_clause::DefaultSelectClause, diesel::query_builder::distinct_clause::DistinctClause>: diesel::Table` is not satisfied
  --> $DIR/select_for_update_cannot_be_mixed_with_some_clauses.rs:15:22
   |
15 |     users.distinct().for_update();
   |                      ^^^^^^^^^^ the trait `diesel::Table` is not implemented for `diesel::query_builder::SelectStatement<users::table, diesel::query_builder::select_clause::DefaultSelectClause, diesel::query_builder::distinct_clause::DistinctClause>`
   |
   = note: required because of the requirements on the impl of `diesel::query_dsl::methods::LockingDsl<diesel::query_builder::locking_clause::ForUpdate>` for `diesel::query_builder::SelectStatement<users::table, diesel::query_builder::select_clause::DefaultSelectClause, diesel::query_builder::distinct_clause::DistinctClause>`

error[E0271]: type mismatch resolving `<diesel::query_builder::SelectStatement<users::table, diesel::query_builder::select_clause::DefaultSelectClause, diesel::query_builder::distinct_clause::NoDistinctClause, diesel::query_builder::where_clause::NoWhereClause, diesel::query_builder::order_clause::NoOrderClause, diesel::query_builder::LimitOffsetClause<diesel::query_builder::NoLimitClause, diesel::query_builder::NoOffsetClause>, diesel::query_builder::group_by_clause::NoGroupByClause, diesel::query_builder::locking_clause::LockingClause> as diesel::query_builder::AsQuery>::Query == diesel::query_builder::SelectStatement<diesel::query_builder::SelectStatement<users::table, diesel::query_builder::select_clause::DefaultSelectClause, diesel::query_builder::distinct_clause::NoDistinctClause, diesel::query_builder::where_clause::NoWhereClause, diesel::query_builder::order_clause::NoOrderClause, diesel::query_builder::LimitOffsetClause<diesel::query_builder::NoLimitClause, diesel::query_builder::NoOffsetClause>, diesel::query_builder::group_by_clause::NoGroupByClause, diesel::query_builder::locking_clause::LockingClause>>`
  --> $DIR/select_for_update_cannot_be_mixed_with_some_clauses.rs:16:24
   |
16 |     users.for_update().distinct_on(id);
   |                        ^^^^^^^^^^^ expected struct `users::table`, found struct `diesel::query_builder::SelectStatement`
   |
   = note: expected type `diesel::query_builder::SelectStatement<users::table, _>`
            found struct `diesel::query_builder::SelectStatement<diesel::query_builder::SelectStatement<users::table, diesel::query_builder::select_clause::DefaultSelectClause, diesel::query_builder::distinct_clause::NoDistinctClause, diesel::query_builder::where_clause::NoWhereClause, diesel::query_builder::order_clause::NoOrderClause, diesel::query_builder::LimitOffsetClause<diesel::query_builder::NoLimitClause, diesel::query_builder::NoOffsetClause>, diesel::query_builder::group_by_clause::NoGroupByClause, diesel::query_builder::locking_clause::LockingClause>, _>`
   = note: required because of the requirements on the impl of `diesel::query_dsl::methods::DistinctOnDsl<_>` for `diesel::query_builder::SelectStatement<users::table, diesel::query_builder::select_clause::DefaultSelectClause, diesel::query_builder::distinct_clause::NoDistinctClause, diesel::query_builder::where_clause::NoWhereClause, diesel::query_builder::order_clause::NoOrderClause, diesel::query_builder::LimitOffsetClause<diesel::query_builder::NoLimitClause, diesel::query_builder::NoOffsetClause>, diesel::query_builder::group_by_clause::NoGroupByClause, diesel::query_builder::locking_clause::LockingClause>`

error[E0277]: the trait bound `diesel::query_builder::SelectStatement<users::table, diesel::query_builder::select_clause::DefaultSelectClause, diesel::query_builder::distinct_clause::NoDistinctClause, diesel::query_builder::where_clause::NoWhereClause, diesel::query_builder::order_clause::NoOrderClause, diesel::query_builder::LimitOffsetClause<diesel::query_builder::NoLimitClause, diesel::query_builder::NoOffsetClause>, diesel::query_builder::group_by_clause::NoGroupByClause, diesel::query_builder::locking_clause::LockingClause>: diesel::Table` is not satisfied
  --> $DIR/select_for_update_cannot_be_mixed_with_some_clauses.rs:16:24
   |
16 |     users.for_update().distinct_on(id);
   |                        ^^^^^^^^^^^ the trait `diesel::Table` is not implemented for `diesel::query_builder::SelectStatement<users::table, diesel::query_builder::select_clause::DefaultSelectClause, diesel::query_builder::distinct_clause::NoDistinctClause, diesel::query_builder::where_clause::NoWhereClause, diesel::query_builder::order_clause::NoOrderClause, diesel::query_builder::LimitOffsetClause<diesel::query_builder::NoLimitClause, diesel::query_builder::NoOffsetClause>, diesel::query_builder::group_by_clause::NoGroupByClause, diesel::query_builder::locking_clause::LockingClause>`
   |
   = note: required because of the requirements on the impl of `diesel::query_dsl::methods::DistinctOnDsl<_>` for `diesel::query_builder::SelectStatement<users::table, diesel::query_builder::select_clause::DefaultSelectClause, diesel::query_builder::distinct_clause::NoDistinctClause, diesel::query_builder::where_clause::NoWhereClause, diesel::query_builder::order_clause::NoOrderClause, diesel::query_builder::LimitOffsetClause<diesel::query_builder::NoLimitClause, diesel::query_builder::NoOffsetClause>, diesel::query_builder::group_by_clause::NoGroupByClause, diesel::query_builder::locking_clause::LockingClause>`

error[E0277]: the trait bound `diesel::query_builder::SelectStatement<diesel::query_builder::SelectStatement<users::table, diesel::query_builder::select_clause::DefaultSelectClause, diesel::query_builder::distinct_clause::NoDistinctClause, diesel::query_builder::where_clause::NoWhereClause, diesel::query_builder::order_clause::NoOrderClause, diesel::query_builder::LimitOffsetClause<diesel::query_builder::NoLimitClause, diesel::query_builder::NoOffsetClause>, diesel::query_builder::group_by_clause::NoGroupByClause, diesel::query_builder::locking_clause::LockingClause>>: diesel::query_dsl::methods::DistinctOnDsl<_>` is not satisfied
  --> $DIR/select_for_update_cannot_be_mixed_with_some_clauses.rs:16:24
   |
16 |     users.for_update().distinct_on(id);
   |                        ^^^^^^^^^^^ the trait `diesel::query_dsl::methods::DistinctOnDsl<_>` is not implemented for `diesel::query_builder::SelectStatement<diesel::query_builder::SelectStatement<users::table, diesel::query_builder::select_clause::DefaultSelectClause, diesel::query_builder::distinct_clause::NoDistinctClause, diesel::query_builder::where_clause::NoWhereClause, diesel::query_builder::order_clause::NoOrderClause, diesel::query_builder::LimitOffsetClause<diesel::query_builder::NoLimitClause, diesel::query_builder::NoOffsetClause>, diesel::query_builder::group_by_clause::NoGroupByClause, diesel::query_builder::locking_clause::LockingClause>>`
   |
   = help: the following implementations were found:
             <diesel::query_builder::SelectStatement<F, S, D, W, O, LOf, G> as diesel::query_dsl::methods::DistinctOnDsl<Selection>>

error[E0277]: the trait bound `users::columns::id: diesel::SelectableExpression<diesel::query_builder::SelectStatement<users::table, diesel::query_builder::select_clause::DefaultSelectClause, diesel::query_builder::distinct_clause::NoDistinctClause, diesel::query_builder::where_clause::NoWhereClause, diesel::query_builder::order_clause::NoOrderClause, diesel::query_builder::LimitOffsetClause<diesel::query_builder::NoLimitClause, diesel::query_builder::NoOffsetClause>, diesel::query_builder::group_by_clause::NoGroupByClause, diesel::query_builder::locking_clause::LockingClause>>` is not satisfied
  --> $DIR/select_for_update_cannot_be_mixed_with_some_clauses.rs:16:36
   |
16 |     users.for_update().distinct_on(id);
   |                                    ^^ the trait `diesel::SelectableExpression<diesel::query_builder::SelectStatement<users::table, diesel::query_builder::select_clause::DefaultSelectClause, diesel::query_builder::distinct_clause::NoDistinctClause, diesel::query_builder::where_clause::NoWhereClause, diesel::query_builder::order_clause::NoOrderClause, diesel::query_builder::LimitOffsetClause<diesel::query_builder::NoLimitClause, diesel::query_builder::NoOffsetClause>, diesel::query_builder::group_by_clause::NoGroupByClause, diesel::query_builder::locking_clause::LockingClause>>` is not implemented for `users::columns::id`
   |
   = help: the following implementations were found:
             <users::columns::id as diesel::SelectableExpression<diesel::query_builder::SelectStatement<From>>>
             <users::columns::id as diesel::SelectableExpression<diesel::query_source::joins::Join<Left, Right, diesel::query_source::joins::Inner>>>
             <users::columns::id as diesel::SelectableExpression<diesel::query_source::joins::Join<Left, Right, diesel::query_source::joins::LeftOuter>>>
             <users::columns::id as diesel::SelectableExpression<diesel::query_source::joins::JoinOn<Join, On>>>
             <users::columns::id as diesel::SelectableExpression<users::table>>
   = note: required because of the requirements on the impl of `diesel::query_dsl::methods::DistinctOnDsl<users::columns::id>` for `diesel::query_builder::SelectStatement<users::table, diesel::query_builder::select_clause::DefaultSelectClause, diesel::query_builder::distinct_clause::NoDistinctClause, diesel::query_builder::where_clause::NoWhereClause, diesel::query_builder::order_clause::NoOrderClause, diesel::query_builder::LimitOffsetClause<diesel::query_builder::NoLimitClause, diesel::query_builder::NoOffsetClause>, diesel::query_builder::group_by_clause::NoGroupByClause, diesel::query_builder::locking_clause::LockingClause>`

error[E0271]: type mismatch resolving `<diesel::query_builder::SelectStatement<users::table, diesel::query_builder::select_clause::DefaultSelectClause, diesel::pg::DistinctOnClause<users::columns::id>> as diesel::query_builder::AsQuery>::Query == diesel::query_builder::SelectStatement<diesel::query_builder::SelectStatement<users::table, diesel::query_builder::select_clause::DefaultSelectClause, diesel::pg::DistinctOnClause<users::columns::id>>>`
  --> $DIR/select_for_update_cannot_be_mixed_with_some_clauses.rs:17:27
   |
17 |     users.distinct_on(id).for_update();
   |                           ^^^^^^^^^^ expected struct `users::table`, found struct `diesel::query_builder::SelectStatement`
   |
   = note: expected type `diesel::query_builder::SelectStatement<users::table, _>`
            found struct `diesel::query_builder::SelectStatement<diesel::query_builder::SelectStatement<users::table, diesel::query_builder::select_clause::DefaultSelectClause, diesel::pg::DistinctOnClause<users::columns::id>>, _>`
   = note: required because of the requirements on the impl of `diesel::query_dsl::methods::LockingDsl<diesel::query_builder::locking_clause::ForUpdate>` for `diesel::query_builder::SelectStatement<users::table, diesel::query_builder::select_clause::DefaultSelectClause, diesel::pg::DistinctOnClause<users::columns::id>>`

error[E0277]: the trait bound `diesel::query_builder::SelectStatement<users::table, diesel::query_builder::select_clause::DefaultSelectClause, diesel::pg::DistinctOnClause<users::columns::id>>: diesel::Table` is not satisfied
  --> $DIR/select_for_update_cannot_be_mixed_with_some_clauses.rs:17:27
   |
17 |     users.distinct_on(id).for_update();
   |                           ^^^^^^^^^^ the trait `diesel::Table` is not implemented for `diesel::query_builder::SelectStatement<users::table, diesel::query_builder::select_clause::DefaultSelectClause, diesel::pg::DistinctOnClause<users::columns::id>>`
   |
   = note: required because of the requirements on the impl of `diesel::query_dsl::methods::LockingDsl<diesel::query_builder::locking_clause::ForUpdate>` for `diesel::query_builder::SelectStatement<users::table, diesel::query_builder::select_clause::DefaultSelectClause, diesel::pg::DistinctOnClause<users::columns::id>>`

error[E0271]: type mismatch resolving `<diesel::query_builder::SelectStatement<users::table, diesel::query_builder::select_clause::DefaultSelectClause, diesel::query_builder::distinct_clause::NoDistinctClause, diesel::query_builder::where_clause::NoWhereClause, diesel::query_builder::order_clause::NoOrderClause, diesel::query_builder::LimitOffsetClause<diesel::query_builder::NoLimitClause, diesel::query_builder::NoOffsetClause>, diesel::query_builder::group_by_clause::NoGroupByClause, diesel::query_builder::locking_clause::LockingClause> as diesel::query_builder::AsQuery>::Query == diesel::query_builder::SelectStatement<diesel::query_builder::SelectStatement<users::table, diesel::query_builder::select_clause::DefaultSelectClause, diesel::query_builder::distinct_clause::NoDistinctClause, diesel::query_builder::where_clause::NoWhereClause, diesel::query_builder::order_clause::NoOrderClause, diesel::query_builder::LimitOffsetClause<diesel::query_builder::NoLimitClause, diesel::query_builder::NoOffsetClause>, diesel::query_builder::group_by_clause::NoGroupByClause, diesel::query_builder::locking_clause::LockingClause>>`
  --> $DIR/select_for_update_cannot_be_mixed_with_some_clauses.rs:19:24
   |
19 |     users.for_update().group_by(id);
   |                        ^^^^^^^^ expected struct `users::table`, found struct `diesel::query_builder::SelectStatement`
   |
   = note: expected type `diesel::query_builder::SelectStatement<users::table, _>`
            found struct `diesel::query_builder::SelectStatement<diesel::query_builder::SelectStatement<users::table, diesel::query_builder::select_clause::DefaultSelectClause, diesel::query_builder::distinct_clause::NoDistinctClause, diesel::query_builder::where_clause::NoWhereClause, diesel::query_builder::order_clause::NoOrderClause, diesel::query_builder::LimitOffsetClause<diesel::query_builder::NoLimitClause, diesel::query_builder::NoOffsetClause>, diesel::query_builder::group_by_clause::NoGroupByClause, diesel::query_builder::locking_clause::LockingClause>, _>`
   = note: required because of the requirements on the impl of `diesel::query_dsl::methods::GroupByDsl<_>` for `diesel::query_builder::SelectStatement<users::table, diesel::query_builder::select_clause::DefaultSelectClause, diesel::query_builder::distinct_clause::NoDistinctClause, diesel::query_builder::where_clause::NoWhereClause, diesel::query_builder::order_clause::NoOrderClause, diesel::query_builder::LimitOffsetClause<diesel::query_builder::NoLimitClause, diesel::query_builder::NoOffsetClause>, diesel::query_builder::group_by_clause::NoGroupByClause, diesel::query_builder::locking_clause::LockingClause>`

error[E0277]: the trait bound `diesel::query_builder::SelectStatement<users::table, diesel::query_builder::select_clause::DefaultSelectClause, diesel::query_builder::distinct_clause::NoDistinctClause, diesel::query_builder::where_clause::NoWhereClause, diesel::query_builder::order_clause::NoOrderClause, diesel::query_builder::LimitOffsetClause<diesel::query_builder::NoLimitClause, diesel::query_builder::NoOffsetClause>, diesel::query_builder::group_by_clause::NoGroupByClause, diesel::query_builder::locking_clause::LockingClause>: diesel::Table` is not satisfied
  --> $DIR/select_for_update_cannot_be_mixed_with_some_clauses.rs:19:24
   |
19 |     users.for_update().group_by(id);
   |                        ^^^^^^^^ the trait `diesel::Table` is not implemented for `diesel::query_builder::SelectStatement<users::table, diesel::query_builder::select_clause::DefaultSelectClause, diesel::query_builder::distinct_clause::NoDistinctClause, diesel::query_builder::where_clause::NoWhereClause, diesel::query_builder::order_clause::NoOrderClause, diesel::query_builder::LimitOffsetClause<diesel::query_builder::NoLimitClause, diesel::query_builder::NoOffsetClause>, diesel::query_builder::group_by_clause::NoGroupByClause, diesel::query_builder::locking_clause::LockingClause>`
   |
   = note: required because of the requirements on the impl of `diesel::query_dsl::methods::GroupByDsl<_>` for `diesel::query_builder::SelectStatement<users::table, diesel::query_builder::select_clause::DefaultSelectClause, diesel::query_builder::distinct_clause::NoDistinctClause, diesel::query_builder::where_clause::NoWhereClause, diesel::query_builder::order_clause::NoOrderClause, diesel::query_builder::LimitOffsetClause<diesel::query_builder::NoLimitClause, diesel::query_builder::NoOffsetClause>, diesel::query_builder::group_by_clause::NoGroupByClause, diesel::query_builder::locking_clause::LockingClause>`

error[E0277]: the trait bound `diesel::query_builder::SelectStatement<diesel::query_builder::SelectStatement<users::table, diesel::query_builder::select_clause::DefaultSelectClause, diesel::query_builder::distinct_clause::NoDistinctClause, diesel::query_builder::where_clause::NoWhereClause, diesel::query_builder::order_clause::NoOrderClause, diesel::query_builder::LimitOffsetClause<diesel::query_builder::NoLimitClause, diesel::query_builder::NoOffsetClause>, diesel::query_builder::group_by_clause::NoGroupByClause, diesel::query_builder::locking_clause::LockingClause>>: diesel::query_dsl::methods::GroupByDsl<_>` is not satisfied
  --> $DIR/select_for_update_cannot_be_mixed_with_some_clauses.rs:19:24
   |
19 |     users.for_update().group_by(id);
   |                        ^^^^^^^^ the trait `diesel::query_dsl::methods::GroupByDsl<_>` is not implemented for `diesel::query_builder::SelectStatement<diesel::query_builder::SelectStatement<users::table, diesel::query_builder::select_clause::DefaultSelectClause, diesel::query_builder::distinct_clause::NoDistinctClause, diesel::query_builder::where_clause::NoWhereClause, diesel::query_builder::order_clause::NoOrderClause, diesel::query_builder::LimitOffsetClause<diesel::query_builder::NoLimitClause, diesel::query_builder::NoOffsetClause>, diesel::query_builder::group_by_clause::NoGroupByClause, diesel::query_builder::locking_clause::LockingClause>>`
   |
   = help: the following implementations were found:
             <diesel::query_builder::SelectStatement<F, S, D, W, O, LOf, G> as diesel::query_dsl::methods::GroupByDsl<Expr>>

error[E0271]: type mismatch resolving `<diesel::query_builder::SelectStatement<users::table, diesel::query_builder::select_clause::DefaultSelectClause, diesel::query_builder::distinct_clause::NoDistinctClause, diesel::query_builder::where_clause::NoWhereClause, diesel::query_builder::order_clause::NoOrderClause, diesel::query_builder::LimitOffsetClause<diesel::query_builder::NoLimitClause, diesel::query_builder::NoOffsetClause>, diesel::query_builder::group_by_clause::GroupByClause<users::columns::id>> as diesel::query_builder::AsQuery>::Query == diesel::query_builder::SelectStatement<diesel::query_builder::SelectStatement<users::table, diesel::query_builder::select_clause::DefaultSelectClause, diesel::query_builder::distinct_clause::NoDistinctClause, diesel::query_builder::where_clause::NoWhereClause, diesel::query_builder::order_clause::NoOrderClause, diesel::query_builder::LimitOffsetClause<diesel::query_builder::NoLimitClause, diesel::query_builder::NoOffsetClause>, diesel::query_builder::group_by_clause::GroupByClause<users::columns::id>>>`
  --> $DIR/select_for_update_cannot_be_mixed_with_some_clauses.rs:20:24
   |
20 |     users.group_by(id).for_update();
   |                        ^^^^^^^^^^ expected struct `users::table`, found struct `diesel::query_builder::SelectStatement`
   |
   = note: expected type `diesel::query_builder::SelectStatement<users::table, _>`
            found struct `diesel::query_builder::SelectStatement<diesel::query_builder::SelectStatement<users::table, diesel::query_builder::select_clause::DefaultSelectClause, diesel::query_builder::distinct_clause::NoDistinctClause, diesel::query_builder::where_clause::NoWhereClause, diesel::query_builder::order_clause::NoOrderClause, diesel::query_builder::LimitOffsetClause<diesel::query_builder::NoLimitClause, diesel::query_builder::NoOffsetClause>, diesel::query_builder::group_by_clause::GroupByClause<users::columns::id>>, _>`
   = note: required because of the requirements on the impl of `diesel::query_dsl::methods::LockingDsl<diesel::query_builder::locking_clause::ForUpdate>` for `diesel::query_builder::SelectStatement<users::table, diesel::query_builder::select_clause::DefaultSelectClause, diesel::query_builder::distinct_clause::NoDistinctClause, diesel::query_builder::where_clause::NoWhereClause, diesel::query_builder::order_clause::NoOrderClause, diesel::query_builder::LimitOffsetClause<diesel::query_builder::NoLimitClause, diesel::query_builder::NoOffsetClause>, diesel::query_builder::group_by_clause::GroupByClause<users::columns::id>>`

error[E0277]: the trait bound `diesel::query_builder::SelectStatement<users::table, diesel::query_builder::select_clause::DefaultSelectClause, diesel::query_builder::distinct_clause::NoDistinctClause, diesel::query_builder::where_clause::NoWhereClause, diesel::query_builder::order_clause::NoOrderClause, diesel::query_builder::LimitOffsetClause<diesel::query_builder::NoLimitClause, diesel::query_builder::NoOffsetClause>, diesel::query_builder::group_by_clause::GroupByClause<users::columns::id>>: diesel::Table` is not satisfied
  --> $DIR/select_for_update_cannot_be_mixed_with_some_clauses.rs:20:24
   |
20 |     users.group_by(id).for_update();
   |                        ^^^^^^^^^^ the trait `diesel::Table` is not implemented for `diesel::query_builder::SelectStatement<users::table, diesel::query_builder::select_clause::DefaultSelectClause, diesel::query_builder::distinct_clause::NoDistinctClause, diesel::query_builder::where_clause::NoWhereClause, diesel::query_builder::order_clause::NoOrderClause, diesel::query_builder::LimitOffsetClause<diesel::query_builder::NoLimitClause, diesel::query_builder::NoOffsetClause>, diesel::query_builder::group_by_clause::GroupByClause<users::columns::id>>`
   |
   = note: required because of the requirements on the impl of `diesel::query_dsl::methods::LockingDsl<diesel::query_builder::locking_clause::ForUpdate>` for `diesel::query_builder::SelectStatement<users::table, diesel::query_builder::select_clause::DefaultSelectClause, diesel::query_builder::distinct_clause::NoDistinctClause, diesel::query_builder::where_clause::NoWhereClause, diesel::query_builder::order_clause::NoOrderClause, diesel::query_builder::LimitOffsetClause<diesel::query_builder::NoLimitClause, diesel::query_builder::NoOffsetClause>, diesel::query_builder::group_by_clause::GroupByClause<users::columns::id>>`

error[E0271]: type mismatch resolving `<diesel::query_builder::BoxedSelectStatement<'_, (diesel::sql_types::Integer,), users::table, _> as diesel::query_builder::AsQuery>::Query == diesel::query_builder::SelectStatement<diesel::query_builder::BoxedSelectStatement<'_, (diesel::sql_types::Integer,), users::table, _>>`
  --> $DIR/select_for_update_cannot_be_mixed_with_some_clauses.rs:22:24
   |
22 |     users.into_boxed().for_update();
   |                        ^^^^^^^^^^ expected struct `diesel::query_builder::BoxedSelectStatement`, found struct `diesel::query_builder::SelectStatement`
   |
   = note: expected type `diesel::query_builder::BoxedSelectStatement<'_, _, _, _, _>`
            found struct `diesel::query_builder::SelectStatement<diesel::query_builder::BoxedSelectStatement<'_, _, _, _, _>>`
   = note: required because of the requirements on the impl of `diesel::query_dsl::methods::LockingDsl<diesel::query_builder::locking_clause::ForUpdate>` for `diesel::query_builder::BoxedSelectStatement<'_, (diesel::sql_types::Integer,), users::table, _>`

error[E0277]: the trait bound `diesel::query_builder::BoxedSelectStatement<'_, (diesel::sql_types::Integer,), users::table, _>: diesel::Table` is not satisfied
  --> $DIR/select_for_update_cannot_be_mixed_with_some_clauses.rs:22:24
   |
22 |     users.into_boxed().for_update();
   |                        ^^^^^^^^^^ the trait `diesel::Table` is not implemented for `diesel::query_builder::BoxedSelectStatement<'_, (diesel::sql_types::Integer,), users::table, _>`
   |
   = note: required because of the requirements on the impl of `diesel::query_dsl::methods::LockingDsl<diesel::query_builder::locking_clause::ForUpdate>` for `diesel::query_builder::BoxedSelectStatement<'_, (diesel::sql_types::Integer,), users::table, _>`

error[E0271]: type mismatch resolving `<diesel::query_builder::SelectStatement<users::table, diesel::query_builder::select_clause::DefaultSelectClause, diesel::query_builder::distinct_clause::NoDistinctClause, diesel::query_builder::where_clause::NoWhereClause, diesel::query_builder::order_clause::NoOrderClause, diesel::query_builder::LimitOffsetClause<diesel::query_builder::NoLimitClause, diesel::query_builder::NoOffsetClause>, diesel::query_builder::group_by_clause::NoGroupByClause, diesel::query_builder::locking_clause::LockingClause> as diesel::query_builder::AsQuery>::Query == diesel::query_builder::SelectStatement<diesel::query_builder::SelectStatement<users::table, diesel::query_builder::select_clause::DefaultSelectClause, diesel::query_builder::distinct_clause::NoDistinctClause, diesel::query_builder::where_clause::NoWhereClause, diesel::query_builder::order_clause::NoOrderClause, diesel::query_builder::LimitOffsetClause<diesel::query_builder::NoLimitClause, diesel::query_builder::NoOffsetClause>, diesel::query_builder::group_by_clause::NoGroupByClause, diesel::query_builder::locking_clause::LockingClause>>`
  --> $DIR/select_for_update_cannot_be_mixed_with_some_clauses.rs:23:24
   |
23 |     users.for_update().into_boxed();
   |                        ^^^^^^^^^^ expected struct `users::table`, found struct `diesel::query_builder::SelectStatement`
   |
   = note: expected type `diesel::query_builder::SelectStatement<users::table, _>`
            found struct `diesel::query_builder::SelectStatement<diesel::query_builder::SelectStatement<users::table, diesel::query_builder::select_clause::DefaultSelectClause, diesel::query_builder::distinct_clause::NoDistinctClause, diesel::query_builder::where_clause::NoWhereClause, diesel::query_builder::order_clause::NoOrderClause, diesel::query_builder::LimitOffsetClause<diesel::query_builder::NoLimitClause, diesel::query_builder::NoOffsetClause>, diesel::query_builder::group_by_clause::NoGroupByClause, diesel::query_builder::locking_clause::LockingClause>, _>`
   = note: required because of the requirements on the impl of `diesel::query_dsl::boxed_dsl::BoxedDsl<'_, _>` for `diesel::query_builder::SelectStatement<users::table, diesel::query_builder::select_clause::DefaultSelectClause, diesel::query_builder::distinct_clause::NoDistinctClause, diesel::query_builder::where_clause::NoWhereClause, diesel::query_builder::order_clause::NoOrderClause, diesel::query_builder::LimitOffsetClause<diesel::query_builder::NoLimitClause, diesel::query_builder::NoOffsetClause>, diesel::query_builder::group_by_clause::NoGroupByClause, diesel::query_builder::locking_clause::LockingClause>`

error[E0277]: the trait bound `diesel::query_builder::SelectStatement<users::table, diesel::query_builder::select_clause::DefaultSelectClause, diesel::query_builder::distinct_clause::NoDistinctClause, diesel::query_builder::where_clause::NoWhereClause, diesel::query_builder::order_clause::NoOrderClause, diesel::query_builder::LimitOffsetClause<diesel::query_builder::NoLimitClause, diesel::query_builder::NoOffsetClause>, diesel::query_builder::group_by_clause::NoGroupByClause, diesel::query_builder::locking_clause::LockingClause>: diesel::Table` is not satisfied
  --> $DIR/select_for_update_cannot_be_mixed_with_some_clauses.rs:23:24
   |
23 |     users.for_update().into_boxed();
   |                        ^^^^^^^^^^ the trait `diesel::Table` is not implemented for `diesel::query_builder::SelectStatement<users::table, diesel::query_builder::select_clause::DefaultSelectClause, diesel::query_builder::distinct_clause::NoDistinctClause, diesel::query_builder::where_clause::NoWhereClause, diesel::query_builder::order_clause::NoOrderClause, diesel::query_builder::LimitOffsetClause<diesel::query_builder::NoLimitClause, diesel::query_builder::NoOffsetClause>, diesel::query_builder::group_by_clause::NoGroupByClause, diesel::query_builder::locking_clause::LockingClause>`
   |
   = note: required because of the requirements on the impl of `diesel::query_dsl::boxed_dsl::BoxedDsl<'_, _>` for `diesel::query_builder::SelectStatement<users::table, diesel::query_builder::select_clause::DefaultSelectClause, diesel::query_builder::distinct_clause::NoDistinctClause, diesel::query_builder::where_clause::NoWhereClause, diesel::query_builder::order_clause::NoOrderClause, diesel::query_builder::LimitOffsetClause<diesel::query_builder::NoLimitClause, diesel::query_builder::NoOffsetClause>, diesel::query_builder::group_by_clause::NoGroupByClause, diesel::query_builder::locking_clause::LockingClause>`

error[E0277]: the trait bound `diesel::query_builder::SelectStatement<diesel::query_builder::SelectStatement<users::table, diesel::query_builder::select_clause::DefaultSelectClause, diesel::query_builder::distinct_clause::NoDistinctClause, diesel::query_builder::where_clause::NoWhereClause, diesel::query_builder::order_clause::NoOrderClause, diesel::query_builder::LimitOffsetClause<diesel::query_builder::NoLimitClause, diesel::query_builder::NoOffsetClause>, diesel::query_builder::group_by_clause::NoGroupByClause, diesel::query_builder::locking_clause::LockingClause>>: diesel::query_dsl::boxed_dsl::BoxedDsl<'_, _>` is not satisfied
  --> $DIR/select_for_update_cannot_be_mixed_with_some_clauses.rs:23:24
   |
23 |     users.for_update().into_boxed();
   |                        ^^^^^^^^^^ the trait `diesel::query_dsl::boxed_dsl::BoxedDsl<'_, _>` is not implemented for `diesel::query_builder::SelectStatement<diesel::query_builder::SelectStatement<users::table, diesel::query_builder::select_clause::DefaultSelectClause, diesel::query_builder::distinct_clause::NoDistinctClause, diesel::query_builder::where_clause::NoWhereClause, diesel::query_builder::order_clause::NoOrderClause, diesel::query_builder::LimitOffsetClause<diesel::query_builder::NoLimitClause, diesel::query_builder::NoOffsetClause>, diesel::query_builder::group_by_clause::NoGroupByClause, diesel::query_builder::locking_clause::LockingClause>>`
   |
   = help: the following implementations were found:
             <diesel::query_builder::SelectStatement<F, S, D, W, O, LOf, G> as diesel::query_dsl::boxed_dsl::BoxedDsl<'a, DB>>
   = note: required because of the requirements on the impl of `diesel::query_dsl::boxed_dsl::BoxedDsl<'_, _>` for `diesel::query_builder::SelectStatement<users::table, diesel::query_builder::select_clause::DefaultSelectClause, diesel::query_builder::distinct_clause::NoDistinctClause, diesel::query_builder::where_clause::NoWhereClause, diesel::query_builder::order_clause::NoOrderClause, diesel::query_builder::LimitOffsetClause<diesel::query_builder::NoLimitClause, diesel::query_builder::NoOffsetClause>, diesel::query_builder::group_by_clause::NoGroupByClause, diesel::query_builder::locking_clause::LockingClause>`
