error[E0277]: the trait bound `diesel::query_builder::SelectStatement<users::table, diesel::query_builder::select_clause::DefaultSelectClause, diesel::query_builder::distinct_clause::NoDistinctClause, diesel::query_builder::where_clause::WhereClause<diesel::expression::grouped::Grouped<diesel::expression::operators::Eq<posts::columns::id, diesel::expression::bound::Bound<diesel::sql_types::Integer, i32>>>>>: diesel::query_builder::IntoUpdateTarget` is not satisfied
  --> $DIR/update_requires_valid_where_clause.rs:21:12
   |
21 |     update(users::table.filter(posts::id.eq(1)));
   |            ^^^^^^^^^^^^^^^^^^^^^^^^^^^^^^^^^^^^ the trait `diesel::query_builder::IntoUpdateTarget` is not implemented for `diesel::query_builder::SelectStatement<users::table, diesel::query_builder::select_clause::DefaultSelectClause, diesel::query_builder::distinct_clause::NoDistinctClause, diesel::query_builder::where_clause::WhereClause<diesel::expression::grouped::Grouped<diesel::expression::operators::Eq<posts::columns::id, diesel::expression::bound::Bound<diesel::sql_types::Integer, i32>>>>>`
   |
  ::: $DIESEL/src/query_builder/functions.rs:78:18
   |
78 | pub fn update<T: IntoUpdateTarget>(source: T) -> UpdateStatement<T::Table, T::WhereClause> {
   |                  ---------------- required by this bound in `diesel::update`
   |
   = help: the following implementations were found:
             <diesel::query_builder::SelectStatement<F, diesel::query_builder::select_clause::DefaultSelectClause, diesel::query_builder::distinct_clause::NoDistinctClause, W> as diesel::query_builder::IntoUpdateTarget>

error[E0277]: the trait bound `users::table: diesel::query_source::AppearsInFromClause<posts::table>` is not satisfied
  --> $DIR/update_requires_valid_where_clause.rs:23:26
   |
23 |     update(users::table).filter(posts::id.eq(1));
   |                          ^^^^^^ the trait `diesel::query_source::AppearsInFromClause<posts::table>` is not implemented for `users::table`
   |
   = help: the following implementations were found:
             <users::table as diesel::query_source::AppearsInFromClause<users::table>>
   = note: required because of the requirements on the impl of `diesel::AppearsOnTable<users::table>` for `posts::columns::id`
   = note: required because of the requirements on the impl of `diesel::AppearsOnTable<users::table>` for `diesel::expression::operators::Eq<posts::columns::id, diesel::expression::bound::Bound<diesel::sql_types::Integer, i32>>`
   = note: required because of the requirements on the impl of `diesel::AppearsOnTable<users::table>` for `diesel::expression::grouped::Grouped<diesel::expression::operators::Eq<posts::columns::id, diesel::expression::bound::Bound<diesel::sql_types::Integer, i32>>>`
   = note: required because of the requirements on the impl of `diesel::query_dsl::filter_dsl::FilterDsl<diesel::expression::grouped::Grouped<diesel::expression::operators::Eq<posts::columns::id, diesel::expression::bound::Bound<diesel::sql_types::Integer, i32>>>>` for `diesel::query_builder::UpdateStatement<users::table, diesel::query_builder::where_clause::NoWhereClause>`

error[E0277]: the trait bound `users::table: diesel::query_source::AppearsInFromClause<posts::table>` is not satisfied
  --> $DIR/update_requires_valid_where_clause.rs:26:10
   |
26 |         .filter(posts::id.eq(1));
   |          ^^^^^^ the trait `diesel::query_source::AppearsInFromClause<posts::table>` is not implemented for `users::table`
   |
   = help: the following implementations were found:
             <users::table as diesel::query_source::AppearsInFromClause<users::table>>
   = note: required because of the requirements on the impl of `diesel::AppearsOnTable<users::table>` for `posts::columns::id`
   = note: required because of the requirements on the impl of `diesel::AppearsOnTable<users::table>` for `diesel::expression::operators::Eq<posts::columns::id, diesel::expression::bound::Bound<diesel::sql_types::Integer, i32>>`
   = note: required because of the requirements on the impl of `diesel::AppearsOnTable<users::table>` for `diesel::expression::grouped::Grouped<diesel::expression::operators::Eq<posts::columns::id, diesel::expression::bound::Bound<diesel::sql_types::Integer, i32>>>`
   = note: required because of the requirements on the impl of `diesel::query_dsl::filter_dsl::FilterDsl<diesel::expression::grouped::Grouped<diesel::expression::operators::Eq<posts::columns::id, diesel::expression::bound::Bound<diesel::sql_types::Integer, i32>>>>` for `diesel::query_builder::UpdateStatement<users::table, diesel::query_builder::where_clause::NoWhereClause, diesel::query_builder::update_statement::changeset::Assign<users::columns::id, diesel::expression::bound::Bound<diesel::sql_types::Integer, i32>>>`

error[E0277]: the trait bound `diesel::query_builder::SelectStatement<users::table, diesel::query_builder::select_clause::DefaultSelectClause, diesel::query_builder::distinct_clause::NoDistinctClause, diesel::query_builder::where_clause::WhereClause<diesel::expression::grouped::Grouped<diesel::expression::operators::Eq<posts::columns::id, diesel::expression::bound::Bound<diesel::sql_types::Integer, i32>>>>>: diesel::query_builder::IntoUpdateTarget` is not satisfied
  --> $DIR/update_requires_valid_where_clause.rs:21:5
   |
21 |     update(users::table.filter(posts::id.eq(1)));
   |     ^^^^^^ the trait `diesel::query_builder::IntoUpdateTarget` is not implemented for `diesel::query_builder::SelectStatement<users::table, diesel::query_builder::select_clause::DefaultSelectClause, diesel::query_builder::distinct_clause::NoDistinctClause, diesel::query_builder::where_clause::WhereClause<diesel::expression::grouped::Grouped<diesel::expression::operators::Eq<posts::columns::id, diesel::expression::bound::Bound<diesel::sql_types::Integer, i32>>>>>`
   |
   = help: the following implementations were found:
             <diesel::query_builder::SelectStatement<F, diesel::query_builder::select_clause::DefaultSelectClause, diesel::query_builder::distinct_clause::NoDistinctClause, W> as diesel::query_builder::IntoUpdateTarget>
