error[E0277]: the trait bound `BatchInsert<Vec<Grouped<diesel::expression::operators::Eq<columns::id, diesel::expression::bound::Bound<diesel::sql_types::Integer, i32>>>>, users::table, (), false>: QueryFragment<Sqlite, sqlite::backend::SqliteBatchInsert>` is not satisfied
  --> $DIR/upsert_with_multiple_values_not_supported_on_sqlite.rs:17:10
   |
17 |         .execute(&mut connection);
   |          ^^^^^^^ the trait `QueryFragment<Sqlite, sqlite::backend::SqliteBatchInsert>` is not implemented for `BatchInsert<Vec<Grouped<diesel::expression::operators::Eq<columns::id, diesel::expression::bound::Bound<diesel::sql_types::Integer, i32>>>>, users::table, (), false>`
   |
   = help: the following implementations were found:
             <BatchInsert<V, Tab, QId, HAS_STATIC_QUERY_ID> as QueryFragment<DB, PostgresLikeBatchInsertSupport>>
             <BatchInsert<V, Tab, QId, HAS_STATIC_QUERY_ID> as QueryFragment<DB>>
   = note: required because of the requirements on the impl of `QueryFragment<Sqlite>` for `BatchInsert<Vec<Grouped<diesel::expression::operators::Eq<columns::id, diesel::expression::bound::Bound<diesel::sql_types::Integer, i32>>>>, users::table, (), false>`
   = note: 2 redundant requirements hidden
   = note: required because of the requirements on the impl of `QueryFragment<Sqlite>` for `InsertStatement<users::table, diesel::query_builder::upsert::on_conflict_clause::OnConflictValues<BatchInsert<Vec<Grouped<diesel::expression::operators::Eq<columns::id, diesel::expression::bound::Bound<diesel::sql_types::Integer, i32>>>>, users::table, (), false>, diesel::query_builder::upsert::on_conflict_target::NoConflictTarget, diesel::query_builder::upsert::on_conflict_actions::DoNothing>>`
   = note: required because of the requirements on the impl of `ExecuteDsl<diesel::SqliteConnection, Sqlite>` for `InsertStatement<users::table, diesel::query_builder::upsert::on_conflict_clause::OnConflictValues<BatchInsert<Vec<Grouped<diesel::expression::operators::Eq<columns::id, diesel::expression::bound::Bound<diesel::sql_types::Integer, i32>>>>, users::table, (), false>, diesel::query_builder::upsert::on_conflict_target::NoConflictTarget, diesel::query_builder::upsert::on_conflict_actions::DoNothing>>`

error[E0271]: type mismatch resolving `<Sqlite as SqlDialect>::InsertWithDefaultKeyword == IsoSqlDefaultKeyword`
  --> $DIR/upsert_with_multiple_values_not_supported_on_sqlite.rs:17:10
   |
17 |         .execute(&mut connection);
   |          ^^^^^^^ expected struct `DoesNotSupportDefaultKeyword`, found struct `IsoSqlDefaultKeyword`
   |
   = note: required because of the requirements on the impl of `CanInsertInSingleQuery<Sqlite>` for `BatchInsert<Vec<Grouped<diesel::expression::operators::Eq<columns::id, diesel::expression::bound::Bound<diesel::sql_types::Integer, i32>>>>, users::table, (), false>`
   = note: 1 redundant requirements hidden
   = note: required because of the requirements on the impl of `CanInsertInSingleQuery<Sqlite>` for `diesel::query_builder::upsert::on_conflict_clause::OnConflictValues<BatchInsert<Vec<Grouped<diesel::expression::operators::Eq<columns::id, diesel::expression::bound::Bound<diesel::sql_types::Integer, i32>>>>, users::table, (), false>, diesel::query_builder::upsert::on_conflict_target::NoConflictTarget, diesel::query_builder::upsert::on_conflict_actions::DoNothing>`
   = note: required because of the requirements on the impl of `QueryFragment<Sqlite>` for `InsertStatement<users::table, diesel::query_builder::upsert::on_conflict_clause::OnConflictValues<BatchInsert<Vec<Grouped<diesel::expression::operators::Eq<columns::id, diesel::expression::bound::Bound<diesel::sql_types::Integer, i32>>>>, users::table, (), false>, diesel::query_builder::upsert::on_conflict_target::NoConflictTarget, diesel::query_builder::upsert::on_conflict_actions::DoNothing>>`
   = note: required because of the requirements on the impl of `ExecuteDsl<diesel::SqliteConnection, Sqlite>` for `InsertStatement<users::table, diesel::query_builder::upsert::on_conflict_clause::OnConflictValues<BatchInsert<Vec<Grouped<diesel::expression::operators::Eq<columns::id, diesel::expression::bound::Bound<diesel::sql_types::Integer, i32>>>>, users::table, (), false>, diesel::query_builder::upsert::on_conflict_target::NoConflictTarget, diesel::query_builder::upsert::on_conflict_actions::DoNothing>>`
