error: expected `,`
 --> $DIR/bad_aggregate.rs:6:20
  |
6 | #[diesel(aggregate = true)]
  |                    ^
