error: unexpected end of input, expected `=`

  = help: The correct format looks like `#[diesel(column_name = foo)]`

  --> $DIR/bad_column_name.rs:14:13
   |
14 |     #[diesel(column_name)]
   |             ^^^^^^^^^^^^^

error: expected `=`
  --> $DIR/bad_column_name.rs:21:25
   |
21 |     #[diesel(column_name(another))]
   |                         ^^^^^^^^^

error: expected string literal
  --> $DIR/bad_column_name.rs:28:28
   |
28 |     #[diesel(column_name = true)]
   |                            ^^^^
