error: unexpected end of input, expected `=`

  = help: The correct format looks like `#[diesel(serialize_as = Foo)]`

  --> $DIR/bad_serialize_as.rs:15:13
   |
15 |     #[diesel(serialize_as)]
   |             ^^^^^^^^^^^^^^

error: expected `=`
  --> $DIR/bad_serialize_as.rs:23:26
   |
23 |     #[diesel(serialize_as(Foo))]
   |                          ^^^^^

error: expected identifier
  --> $DIR/bad_serialize_as.rs:31:29
   |
31 |     #[diesel(serialize_as = "foo")]
   |                             ^^^^^

error: expected identifier
  --> $DIR/bad_serialize_as.rs:39:29
   |
39 |     #[diesel(serialize_as = 1omg)]
   |                             ^^^^
